---
source: crates/safessh-skill/tests/adapters.rs
expression: formatted
---
---
description: SSH proxy for running gated commands on user-configured servers without seeing credentials. Use when the user asks to run commands on a remote server they've configured in safessh.
globs:
alwaysApply: false
---

Hello world.
