---
source: crates/safessh-tui/tests/projects_snapshot.rs
assertion_line: 74
expression: render(&screen)
---
┌Projects──────────────┐┌Detail────────────────────────────────────────────────┐
│> prod                ││name: prod                                            │
│                      ││default target: web                                   │
│                      ││                                                      │
│                      ││targets                                               │
│                      ││  web [default]  alias=prod-web                       │
│                      ││  db  deploy@10.0.0.5:22                              │
│                      ││                                                      │
│                      ││policy                                                │
│                      ││  allow:            read:safe                         │
│                      ││  require_approval: destructive:filesystem            │
│                      ││  deny:             destructive:disk                  │
│                      ││                                                      │
│                      ││                                                      │
│                      ││                                                      │
│                      ││                                                      │
│                      ││                                                      │
│                      ││                                                      │
│                      ││                                                      │
└──────────────────────┘└──────────────────────────────────────────────────────┘
