---
source: crates/safessh-tui/tests/rules_snapshot.rs
assertion_line: 80
expression: render(&s)
---
project: < prod >  (1/1)                                                                            
┌──────────────────────────────────────────────────────────────────────────────────────────────────┐
│ Timed │ Always │ Blocked                                                                         │
└──────────────────────────────────────────────────────────────────────────────────────────────────┘
┌Always rules──────────────────────────────────────────────────────────────────────────────────────┐
│  RULE                 BIN        FLAGS      CATEGORIES                                           │
│> rule-allow-1         rm         -rf        destructive:filesystem                               │
│                                                                                                  │
│                                                                                                  │
│                                                                                                  │
│                                                                                                  │
│                                                                                                  │
│                                                                                                  │
│                                                                                                  │
│                                                                                                  │
└──────────────────────────────────────────────────────────────────────────────────────────────────┘
