---
source: crates/safessh-tui/tests/rules_snapshot.rs
expression: render(&s)
---
project: < prod >  (1/1)                                                                            
┌──────────────────────────────────────────────────────────────────────────────────────────────────┐
│ Timed │ Always │ Blocked │ File                                                                  │
└──────────────────────────────────────────────────────────────────────────────────────────────────┘
┌Blocked rules─────────────────────────────────────────────────────────────────────────────────────┐
│  RULE                 BIN        FLAGS      CATEGORIES                                           │
│> rule-block-1         rm         -rf        destructive:filesystem                               │
│                                                                                                  │
│                                                                                                  │
│                                                                                                  │
│                                                                                                  │
│                                                                                                  │
│                                                                                                  │
│                                                                                                  │
│                                                                                                  │
└──────────────────────────────────────────────────────────────────────────────────────────────────┘
